// Jest Snapshot v1, https://goo.gl/fbAQLP

exports[`<CommitFeedEvent /> renders correctly 1`] = `
<FeedEvent
  className="CommitFeedEvent"
>
  <FeedContent>
    <FeedSummary>
      headline
    </FeedSummary>
    <FeedMeta>
      Pushed by 
      <strong>
        author
      </strong>
      <t
        ago={false}
        calendar={false}
        decimal={false}
        element="time"
        filter={[Function]}
        fromNow={true}
        interval={60000}
        onChange={[Function]}
        titleFormat=""
        toNow={false}
        unit={null}
        unix={false}
        utc={false}
        withTitle={false}
      >
        2006-01-02T15:04:05-0700
      </t>
    </FeedMeta>
  </FeedContent>
</FeedEvent>
`;
