// Jest Snapshot v1, https://goo.gl/fbAQLP

exports[`<CommitFeedEvent /> renders correctly 1`] = `
<FeedEvent
  className="CommitFeedEvent"
>
  <FeedContent>
    <FeedSummary>
      headline
    </FeedSummary>
    <FeedMeta>
      Pushed by 
      <strong>
        author
      </strong>
      <Moment
        fromNow={true}
      >
        date
      </Moment>
    </FeedMeta>
  </FeedContent>
</FeedEvent>
`;
