// Jest Snapshot v1, https://goo.gl/fbAQLP

exports[`<KeyListItem /> renders correctly 1`] = `
<ListItem
  className="KeyListItem"
>
  <ListContent>
    <ListHeader>
      name
    </ListHeader>
    <ListDescription>
      <code>
        value
      </code>
    </ListDescription>
    <Button
      as="button"
      color="teal"
      icon="edit"
      onClick={[Function]}
      size="mini"
    />
    <Button
      as="button"
      basic={true}
      icon="delete"
      onClick={[Function]}
      size="mini"
    />
  </ListContent>
</ListItem>
`;
