// Jest Snapshot v1, https://goo.gl/fbAQLP

exports[`<LogEntryFilter /> renders correctly 1`] = `
<ContainerConstructor
  componentRef={null}
  items={Array []}
  level={
    Array [
      "WARNING",
      "ERROR",
    ]
  }
  onChange={[MockFunction]}
  ownerId="ownerId"
  systemId="systemId"
/>
`;
