// Jest Snapshot v1, https://goo.gl/fbAQLP

exports[`<LogEntryOwnerFilter /> renders items correctly 1`] = `
<Dropdown
  additionLabel="Add "
  additionPosition="top"
  className="LogEntryOwnerFilter"
  clearable={true}
  closeOnBlur={true}
  deburr={false}
  fluid={true}
  icon="dropdown"
  minCharacters={1}
  noResultsMessage="No results found."
  onChange={[Function]}
  openOnFocus={true}
  options={
    Array [
      Object {
        "key": "systemID",
        "text": "System",
        "value": "systemID",
      },
      Object {
        "key": "serviceId1",
        "text": "workspaceName1 » serviceName1",
        "value": "serviceId1",
      },
      Object {
        "key": "workspaceId1",
        "text": "workspaceName1 » workspaceName1",
        "value": "workspaceId1",
      },
      Object {
        "key": "serviceId3",
        "text": "workspaceName2 » serviceName3",
        "value": "serviceId3",
      },
      Object {
        "key": "workspaceId3",
        "text": "workspaceName2 » workspaceName3",
        "value": "workspaceId3",
      },
    ]
  }
  placeholder="Choose Namespace..."
  renderLabel={[Function]}
  search={true}
  searchInput="text"
  selectOnBlur={true}
  selectOnNavigation={true}
  selection={true}
  value="id2"
  wrapSelection={true}
/>
`;
