// Jest Snapshot v1, https://goo.gl/fbAQLP

exports[`<ProcessGroupCard /> renders correctly 1`] = `
<Card
  className="ProcessGroupCard"
  fluid={true}
>
  <CardContent>
    <CardHeader>
      <Button
        as="button"
        color="teal"
        content="Stop Group"
        floated="right"
        icon="stop"
        key="stop"
        onClick={[Function]}
      />
      <Link
        to="/workspaces/workspaceSlug"
      >
        workspaceName
      </Link>
       / 
      taskName
    </CardHeader>
    <CardMeta>
      <Moment
        format="L LTS"
      >
        createdAt
      </Moment>
    </CardMeta>
  </CardContent>
  <ForwardRef(Relay(ProcessTable))
    item={
      Object {
        " $fragmentRefs": null,
        " $refType": null,
        "createdAt": "createdAt",
        "id": "id",
        "processes": Object {
          "edges": Array [
            Object {
              "node": Object {
                " $fragmentRefs": null,
                " $refType": null,
              },
            },
            Object {
              "node": Object {
                " $fragmentRefs": null,
                " $refType": null,
              },
            },
          ],
        },
        "status": "RUNNING",
        "task": Object {
          "name": "taskName",
          "workspace": Object {
            "name": "workspaceName",
            "slug": "workspaceSlug",
          },
        },
      }
    }
    items={
      Array [
        Object {
          " $fragmentRefs": null,
          " $refType": null,
        },
        Object {
          " $fragmentRefs": null,
          " $refType": null,
        },
      ]
    }
    onStartGroup={[MockFunction]}
    onStartProcess={[MockFunction]}
    onStopGroup={[MockFunction]}
    onStopProcess={[MockFunction]}
  />
</Card>
`;
