// Jest Snapshot v1, https://goo.gl/fbAQLP

exports[`<ProcessGroupCardGroup /> renders correctly without items 1`] = `
<Segment>
  There are no processes at this time.
</Segment>
`;

exports[`<ProcessGroupCardGroup /> renders items correctly 1`] = `
<CardGroup>
  <ForwardRef(Relay(ProcessGroupCard))
    item={
      Object {
        " $fragmentRefs": null,
        " $refType": null,
        "id": "id1",
      }
    }
    items={
      Array [
        Object {
          " $fragmentRefs": null,
          " $refType": null,
          "id": "id1",
        },
        Object {
          " $fragmentRefs": null,
          " $refType": null,
          "id": "id2",
        },
      ]
    }
    key="id1"
    onStartGroup={[MockFunction]}
    onStartProcess={[MockFunction]}
    onStopGroup={[MockFunction]}
    onStopProcess={[MockFunction]}
  />
  <ForwardRef(Relay(ProcessGroupCard))
    item={
      Object {
        " $fragmentRefs": null,
        " $refType": null,
        "id": "id2",
      }
    }
    items={
      Array [
        Object {
          " $fragmentRefs": null,
          " $refType": null,
          "id": "id1",
        },
        Object {
          " $fragmentRefs": null,
          " $refType": null,
          "id": "id2",
        },
      ]
    }
    key="id2"
    onStartGroup={[MockFunction]}
    onStartProcess={[MockFunction]}
    onStopGroup={[MockFunction]}
    onStopProcess={[MockFunction]}
  />
</CardGroup>
`;
