// Jest Snapshot v1, https://goo.gl/fbAQLP

exports[`<ProcessGroupFilter /> renders correctly 1`] = `
<div
  className="ProcessGroupFilter"
>
  <Radio
    checked={true}
    key="0"
    label="RUNNING"
    onClick={[Function]}
    type="radio"
  />
  <Radio
    checked={false}
    key="1"
    label="DONE"
    onClick={[Function]}
    type="radio"
  />
  <Radio
    checked={true}
    key="2"
    label="FAILED"
    onClick={[Function]}
    type="radio"
  />
</div>
`;
